20:10:33:812  INFO 24288 --- [user-service] [main] c.tju.elm.user.UserServiceApplication    : Starting UserServiceApplication using Java 17.0.12 with PID 24288 (G:\LE\elm-microservices\elm_cloud\user-service\target\classes started by 26302 in G:\LE\elm-microservices\elm_cloud\user-service)
20:10:33:814 DEBUG 24288 --- [user-service] [main] c.tju.elm.user.UserServiceApplication    : Running with Spring Boot v3.4.6, Spring v6.2.7
20:10:33:815  INFO 24288 --- [user-service] [main] c.tju.elm.user.UserServiceApplication    : The following 1 profile is active: "dev"
20:10:34:453  INFO 24288 --- [user-service] [main] .s.d.r.c.RepositoryConfigurationDelegate : Multiple Spring Data modules found, entering strict repository configuration mode
20:10:34:455  INFO 24288 --- [user-service] [main] .s.d.r.c.RepositoryConfigurationDelegate : Bootstrapping Spring Data Redis repositories in DEFAULT mode.
20:10:34:483  INFO 24288 --- [user-service] [main] .s.d.r.c.RepositoryConfigurationDelegate : Finished Spring Data repository scanning in 14 ms. Found 0 Redis repository interfaces.
20:10:34:893  INFO 24288 --- [user-service] [main] o.s.b.w.embedded.tomcat.TomcatWebServer  : Tomcat initialized with port 8888 (http)
20:10:34:903  INFO 24288 --- [user-service] [main] o.apache.catalina.core.StandardService   : Starting service [Tomcat]
20:10:34:903  INFO 24288 --- [user-service] [main] o.apache.catalina.core.StandardEngine    : Starting Servlet engine: [Apache Tomcat/10.1.41]
20:10:34:943  INFO 24288 --- [user-service] [main] o.a.c.c.C.[Tomcat].[localhost].[/]       : Initializing Spring embedded WebApplicationContext
20:10:34:943  INFO 24288 --- [user-service] [main] w.s.c.ServletWebServerApplicationContext : Root WebApplicationContext: initialization completed in 1093 ms
20:10:34:978 DEBUG 24288 --- [user-service] [main] c.tju.elm.user.zoo.security.JWTFilter    : Filter 'JWTFilter' configured for use
20:10:35:189  WARN 24288 --- [user-service] [main] ConfigServletWebServerApplicationContext : Exception encountered during context initialization - cancelling refresh attempt: org.springframework.beans.factory.UnsatisfiedDependencyException: Error creating bean with name 'userRestController': Unsatisfied dependency expressed through field 'passwordEncoder': No qualifying bean of type 'org.springframework.security.crypto.password.PasswordEncoder' available: expected at least 1 bean which qualifies as autowire candidate. Dependency annotations: {@org.springframework.beans.factory.annotation.Autowired(required=true)}
20:10:35:191  INFO 24288 --- [user-service] [main] o.apache.catalina.core.StandardService   : Stopping service [Tomcat]
20:10:35:201  INFO 24288 --- [user-service] [main] .s.b.a.l.ConditionEvaluationReportLogger : 

Error starting ApplicationContext. To display the condition evaluation report re-run your application with 'debug' enabled.
20:10:35:215 ERROR 24288 --- [user-service] [main] o.s.b.d.LoggingFailureAnalysisReporter   : 

***************************
APPLICATION FAILED TO START
***************************

Description:

Field passwordEncoder in com.tju.elm.user.controller.UserRestController required a bean of type 'org.springframework.security.crypto.password.PasswordEncoder' that could not be found.

The injection point has the following annotations:
	- @org.springframework.beans.factory.annotation.Autowired(required=true)


Action:

Consider defining a bean of type 'org.springframework.security.crypto.password.PasswordEncoder' in your configuration.

20:12:24:504  INFO 23956 --- [user-service] [main] c.tju.elm.user.UserServiceApplication    : Starting UserServiceApplication using Java 17.0.12 with PID 23956 (G:\LE\elm-microservices\elm_cloud\user-service\target\classes started by 26302 in G:\LE\elm-microservices\elm_cloud\user-service)
20:12:24:505 DEBUG 23956 --- [user-service] [main] c.tju.elm.user.UserServiceApplication    : Running with Spring Boot v3.4.6, Spring v6.2.7
20:12:24:506  INFO 23956 --- [user-service] [main] c.tju.elm.user.UserServiceApplication    : The following 1 profile is active: "dev"
20:12:25:065  INFO 23956 --- [user-service] [main] .s.d.r.c.RepositoryConfigurationDelegate : Multiple Spring Data modules found, entering strict repository configuration mode
20:12:25:066  INFO 23956 --- [user-service] [main] .s.d.r.c.RepositoryConfigurationDelegate : Bootstrapping Spring Data Redis repositories in DEFAULT mode.
20:12:25:091  INFO 23956 --- [user-service] [main] .s.d.r.c.RepositoryConfigurationDelegate : Finished Spring Data repository scanning in 12 ms. Found 0 Redis repository interfaces.
20:12:25:501  INFO 23956 --- [user-service] [main] o.s.b.w.embedded.tomcat.TomcatWebServer  : Tomcat initialized with port 8888 (http)
20:12:25:509  INFO 23956 --- [user-service] [main] o.apache.catalina.core.StandardService   : Starting service [Tomcat]
20:12:25:509  INFO 23956 --- [user-service] [main] o.apache.catalina.core.StandardEngine    : Starting Servlet engine: [Apache Tomcat/10.1.41]
20:12:25:548  INFO 23956 --- [user-service] [main] o.a.c.c.C.[Tomcat].[localhost].[/]       : Initializing Spring embedded WebApplicationContext
20:12:25:549  INFO 23956 --- [user-service] [main] w.s.c.ServletWebServerApplicationContext : Root WebApplicationContext: initialization completed in 1010 ms
20:12:25:584 DEBUG 23956 --- [user-service] [main] c.tju.elm.user.zoo.security.JWTFilter    : Filter 'JWTFilter' configured for use
20:12:25:866  INFO 23956 --- [user-service] [main] eAuthenticationProviderManagerConfigurer : Global AuthenticationManager configured with AuthenticationProvider bean with name authenticationProvider
20:12:25:866  WARN 23956 --- [user-service] [main] r$InitializeUserDetailsManagerConfigurer : Global AuthenticationManager configured with an AuthenticationProvider bean. UserDetailsService beans will not be used by Spring Security for automatically configuring username/password login. Consider removing the AuthenticationProvider bean. Alternatively, consider using the UserDetailsService in a manually instantiated DaoAuthenticationProvider. If the current configuration is intentional, to turn off this warning, increase the logging level of 'org.springframework.security.config.annotation.authentication.configuration.InitializeUserDetailsBeanManagerConfigurer' to ERROR
20:12:26:541  INFO 23956 --- [user-service] [main] o.s.b.w.embedded.tomcat.TomcatWebServer  : Tomcat started on port 8888 (http) with context path '/'
20:12:26:550  INFO 23956 --- [user-service] [main] c.tju.elm.user.UserServiceApplication    : Started UserServiceApplication in 2.368 seconds (process running for 2.753)
20:12:29:317  INFO 23956 --- [user-service] [SpringApplicationShutdownHook] o.s.b.w.e.tomcat.GracefulShutdown        : Commencing graceful shutdown. Waiting for active requests to complete
20:12:29:408  INFO 23956 --- [user-service] [tomcat-shutdown] o.s.b.w.e.tomcat.GracefulShutdown        : Graceful shutdown complete
