2025-12-31 21:03:05.267 [main] INFO  com.tju.elm.user.UserServiceApplication - Starting UserServiceApplication using Java 17.0.12 with PID 23016 (G:\LE\elm-microservices\elm_cloud\user-service\target\classes started by 26302 in G:\LE\elm-microservices\elm_cloud)
2025-12-31 21:03:05.268 [main] INFO  com.tju.elm.user.UserServiceApplication - The following 1 profile is active: "dev"
2025-12-31 21:03:05.888 [main] INFO  o.s.d.r.config.RepositoryConfigurationDelegate - Multiple Spring Data modules found, entering strict repository configuration mode
2025-12-31 21:03:05.889 [main] INFO  o.s.d.r.config.RepositoryConfigurationDelegate - Bootstrapping Spring Data Redis repositories in DEFAULT mode.
2025-12-31 21:03:05.915 [main] INFO  o.s.d.r.config.RepositoryConfigurationDelegate - Finished Spring Data repository scanning in 13 ms. Found 0 Redis repository interfaces.
2025-12-31 21:03:06.393 [main] INFO  o.s.boot.web.embedded.tomcat.TomcatWebServer - Tomcat initialized with port 8888 (http)
2025-12-31 21:03:06.403 [main] INFO  org.apache.catalina.core.StandardService - Starting service [Tomcat]
2025-12-31 21:03:06.404 [main] INFO  org.apache.catalina.core.StandardEngine - Starting Servlet engine: [Apache Tomcat/10.1.41]
2025-12-31 21:03:06.447 [main] INFO  o.a.c.core.ContainerBase.[Tomcat].[localhost].[/] - Initializing Spring embedded WebApplicationContext
2025-12-31 21:03:06.448 [main] INFO  o.s.b.w.s.c.ServletWebServerApplicationContext - Root WebApplicationContext: initialization completed in 1148 ms
2025-12-31 21:03:06.652 [main] INFO  org.apache.catalina.core.StandardService - Stopping service [Tomcat]
2025-12-31 21:03:06.661 [main] INFO  o.s.b.a.logging.ConditionEvaluationReportLogger - 

Error starting ApplicationContext. To display the condition evaluation report re-run your application with 'debug' enabled.
2025-12-31 21:04:53.157 [main] INFO  com.tju.elm.user.UserServiceApplication - Starting UserServiceApplication using Java 17.0.12 with PID 23600 (G:\LE\elm-microservices\elm_cloud\user-service\target\classes started by 26302 in G:\LE\elm-microservices\elm_cloud)
2025-12-31 21:04:53.159 [main] INFO  com.tju.elm.user.UserServiceApplication - The following 1 profile is active: "dev"
2025-12-31 21:04:53.782 [main] INFO  o.s.d.r.config.RepositoryConfigurationDelegate - Multiple Spring Data modules found, entering strict repository configuration mode
2025-12-31 21:04:53.784 [main] INFO  o.s.d.r.config.RepositoryConfigurationDelegate - Bootstrapping Spring Data Redis repositories in DEFAULT mode.
2025-12-31 21:04:53.807 [main] INFO  o.s.d.r.config.RepositoryConfigurationDelegate - Finished Spring Data repository scanning in 11 ms. Found 0 Redis repository interfaces.
2025-12-31 21:04:54.226 [main] INFO  o.s.boot.web.embedded.tomcat.TomcatWebServer - Tomcat initialized with port 8888 (http)
2025-12-31 21:04:54.236 [main] INFO  org.apache.catalina.core.StandardService - Starting service [Tomcat]
2025-12-31 21:04:54.236 [main] INFO  org.apache.catalina.core.StandardEngine - Starting Servlet engine: [Apache Tomcat/10.1.41]
2025-12-31 21:04:54.277 [main] INFO  o.a.c.core.ContainerBase.[Tomcat].[localhost].[/] - Initializing Spring embedded WebApplicationContext
2025-12-31 21:04:54.278 [main] INFO  o.s.b.w.s.c.ServletWebServerApplicationContext - Root WebApplicationContext: initialization completed in 1079 ms
2025-12-31 21:04:54.451 [main] INFO  org.apache.catalina.core.StandardService - Stopping service [Tomcat]
2025-12-31 21:04:54.460 [main] INFO  o.s.b.a.logging.ConditionEvaluationReportLogger - 

Error starting ApplicationContext. To display the condition evaluation report re-run your application with 'debug' enabled.
2025-12-31 21:06:54.232 [main] INFO  com.tju.elm.user.UserServiceApplication - Starting UserServiceApplication using Java 17.0.12 with PID 26900 (G:\LE\elm-microservices\elm_cloud\user-service\target\classes started by 26302 in G:\LE\elm-microservices\elm_cloud)
2025-12-31 21:06:54.234 [main] INFO  com.tju.elm.user.UserServiceApplication - The following 1 profile is active: "dev"
2025-12-31 21:06:54.810 [main] INFO  o.s.d.r.config.RepositoryConfigurationDelegate - Multiple Spring Data modules found, entering strict repository configuration mode
2025-12-31 21:06:54.812 [main] INFO  o.s.d.r.config.RepositoryConfigurationDelegate - Bootstrapping Spring Data Redis repositories in DEFAULT mode.
2025-12-31 21:06:54.834 [main] INFO  o.s.d.r.config.RepositoryConfigurationDelegate - Finished Spring Data repository scanning in 12 ms. Found 0 Redis repository interfaces.
2025-12-31 21:06:55.249 [main] INFO  o.s.boot.web.embedded.tomcat.TomcatWebServer - Tomcat initialized with port 8888 (http)
2025-12-31 21:06:55.258 [main] INFO  org.apache.catalina.core.StandardService - Starting service [Tomcat]
2025-12-31 21:06:55.258 [main] INFO  org.apache.catalina.core.StandardEngine - Starting Servlet engine: [Apache Tomcat/10.1.41]
2025-12-31 21:06:55.299 [main] INFO  o.a.c.core.ContainerBase.[Tomcat].[localhost].[/] - Initializing Spring embedded WebApplicationContext
2025-12-31 21:06:55.299 [main] INFO  o.s.b.w.s.c.ServletWebServerApplicationContext - Root WebApplicationContext: initialization completed in 1034 ms
2025-12-31 21:06:55.580 [main] INFO  o.s.s.c.a.a.c.InitializeAuthenticationProviderBeanManagerConfigurer$InitializeAuthenticationProviderManagerConfigurer - Global AuthenticationManager configured with AuthenticationProvider bean with name authenticationProvider
2025-12-31 21:06:56.224 [main] INFO  o.s.boot.web.embedded.tomcat.TomcatWebServer - Tomcat started on port 8888 (http) with context path '/'
2025-12-31 21:06:56.232 [main] INFO  com.tju.elm.user.UserServiceApplication - Started UserServiceApplication in 2.391 seconds (process running for 2.778)
2025-12-31 21:07:00.298 [SpringApplicationShutdownHook] INFO  o.s.boot.web.embedded.tomcat.GracefulShutdown - Commencing graceful shutdown. Waiting for active requests to complete
2025-12-31 21:07:00.392 [tomcat-shutdown] INFO  o.s.boot.web.embedded.tomcat.GracefulShutdown - Graceful shutdown complete
2025-12-31 21:19:24.471 [main] INFO  com.tju.elm.business.BusinessServiceApplication - Starting BusinessServiceApplication using Java 17.0.12 with PID 16652 (G:\LE\elm-microservices\elm_cloud\business-service\target\classes started by 26302 in G:\LE\elm-microservices\elm_cloud)
2025-12-31 21:19:24.473 [main] INFO  com.tju.elm.business.BusinessServiceApplication - The following 1 profile is active: "dev"
2025-12-31 21:19:25.010 [main] INFO  o.s.d.r.config.RepositoryConfigurationDelegate - Multiple Spring Data modules found, entering strict repository configuration mode
2025-12-31 21:19:25.013 [main] INFO  o.s.d.r.config.RepositoryConfigurationDelegate - Bootstrapping Spring Data Redis repositories in DEFAULT mode.
2025-12-31 21:19:25.035 [main] INFO  o.s.d.r.config.RepositoryConfigurationDelegate - Finished Spring Data repository scanning in 10 ms. Found 0 Redis repository interfaces.
2025-12-31 21:19:25.395 [main] INFO  o.s.boot.web.embedded.tomcat.TomcatWebServer - Tomcat initialized with port 8882 (http)
2025-12-31 21:19:25.405 [main] INFO  org.apache.catalina.core.StandardService - Starting service [Tomcat]
2025-12-31 21:19:25.406 [main] INFO  org.apache.catalina.core.StandardEngine - Starting Servlet engine: [Apache Tomcat/10.1.41]
2025-12-31 21:19:25.451 [main] INFO  o.a.c.core.ContainerBase.[Tomcat].[localhost].[/] - Initializing Spring embedded WebApplicationContext
2025-12-31 21:19:25.452 [main] INFO  o.s.b.w.s.c.ServletWebServerApplicationContext - Root WebApplicationContext: initialization completed in 948 ms
2025-12-31 21:19:26.218 [main] INFO  o.s.boot.web.embedded.tomcat.TomcatWebServer - Tomcat started on port 8882 (http) with context path '/'
2025-12-31 21:19:26.226 [main] INFO  com.tju.elm.business.BusinessServiceApplication - Started BusinessServiceApplication in 2.179 seconds (process running for 2.71)
2025-12-31 21:19:29.945 [SpringApplicationShutdownHook] INFO  o.s.boot.web.embedded.tomcat.GracefulShutdown - Commencing graceful shutdown. Waiting for active requests to complete
2025-12-31 21:19:30.033 [tomcat-shutdown] INFO  o.s.boot.web.embedded.tomcat.GracefulShutdown - Graceful shutdown complete
2025-12-31 21:35:00.315 [main] INFO  com.tju.elm.business.BusinessServiceApplication - Starting BusinessServiceApplication using Java 17.0.12 with PID 2744 (G:\LE\elm-microservices\elm_cloud\business-service\target\classes started by 26302 in G:\LE\elm-microservices\elm_cloud)
2025-12-31 21:35:00.316 [main] INFO  com.tju.elm.business.BusinessServiceApplication - The following 1 profile is active: "dev"
2025-12-31 21:35:00.842 [main] INFO  o.s.d.r.config.RepositoryConfigurationDelegate - Multiple Spring Data modules found, entering strict repository configuration mode
2025-12-31 21:35:00.844 [main] INFO  o.s.d.r.config.RepositoryConfigurationDelegate - Bootstrapping Spring Data Redis repositories in DEFAULT mode.
2025-12-31 21:35:00.865 [main] INFO  o.s.d.r.config.RepositoryConfigurationDelegate - Finished Spring Data repository scanning in 9 ms. Found 0 Redis repository interfaces.
2025-12-31 21:35:01.201 [main] INFO  o.s.boot.web.embedded.tomcat.TomcatWebServer - Tomcat initialized with port 8882 (http)
2025-12-31 21:35:01.215 [main] INFO  org.apache.catalina.core.StandardService - Starting service [Tomcat]
2025-12-31 21:35:01.216 [main] INFO  org.apache.catalina.core.StandardEngine - Starting Servlet engine: [Apache Tomcat/10.1.41]
2025-12-31 21:35:01.259 [main] INFO  o.a.c.core.ContainerBase.[Tomcat].[localhost].[/] - Initializing Spring embedded WebApplicationContext
2025-12-31 21:35:01.259 [main] INFO  o.s.b.w.s.c.ServletWebServerApplicationContext - Root WebApplicationContext: initialization completed in 909 ms
2025-12-31 21:35:01.983 [main] INFO  o.s.boot.web.embedded.tomcat.TomcatWebServer - Tomcat started on port 8882 (http) with context path '/'
2025-12-31 21:35:01.991 [main] INFO  com.tju.elm.business.BusinessServiceApplication - Started BusinessServiceApplication in 2.142 seconds (process running for 2.602)
2025-12-31 21:35:08.635 [SpringApplicationShutdownHook] INFO  o.s.boot.web.embedded.tomcat.GracefulShutdown - Commencing graceful shutdown. Waiting for active requests to complete
2025-12-31 21:35:08.727 [tomcat-shutdown] INFO  o.s.boot.web.embedded.tomcat.GracefulShutdown - Graceful shutdown complete
2025-12-31 21:44:31.443 [main] INFO  com.tju.elm.business.BusinessServiceApplication - Starting BusinessServiceApplication using Java 17.0.12 with PID 22096 (G:\LE\elm-microservices\elm_cloud\business-service\target\classes started by 26302 in G:\LE\elm-microservices\elm_cloud)
2025-12-31 21:44:31.445 [main] INFO  com.tju.elm.business.BusinessServiceApplication - The following 1 profile is active: "dev"
2025-12-31 21:44:31.961 [main] INFO  o.s.d.r.config.RepositoryConfigurationDelegate - Multiple Spring Data modules found, entering strict repository configuration mode
2025-12-31 21:44:31.963 [main] INFO  o.s.d.r.config.RepositoryConfigurationDelegate - Bootstrapping Spring Data Redis repositories in DEFAULT mode.
2025-12-31 21:44:31.984 [main] INFO  o.s.d.r.config.RepositoryConfigurationDelegate - Finished Spring Data repository scanning in 10 ms. Found 0 Redis repository interfaces.
2025-12-31 21:44:32.357 [main] INFO  o.s.boot.web.embedded.tomcat.TomcatWebServer - Tomcat initialized with port 8882 (http)
2025-12-31 21:44:32.367 [main] INFO  org.apache.catalina.core.StandardService - Starting service [Tomcat]
2025-12-31 21:44:32.367 [main] INFO  org.apache.catalina.core.StandardEngine - Starting Servlet engine: [Apache Tomcat/10.1.41]
2025-12-31 21:44:32.416 [main] INFO  o.a.c.core.ContainerBase.[Tomcat].[localhost].[/] - Initializing Spring embedded WebApplicationContext
2025-12-31 21:44:32.416 [main] INFO  o.s.b.w.s.c.ServletWebServerApplicationContext - Root WebApplicationContext: initialization completed in 940 ms
2025-12-31 21:44:33.315 [main] INFO  o.s.boot.web.embedded.tomcat.TomcatWebServer - Tomcat started on port 8882 (http) with context path '/'
2025-12-31 21:44:33.323 [main] INFO  com.tju.elm.business.BusinessServiceApplication - Started BusinessServiceApplication in 2.272 seconds (process running for 2.7)
2025-12-31 21:44:47.307 [SpringApplicationShutdownHook] INFO  o.s.boot.web.embedded.tomcat.GracefulShutdown - Commencing graceful shutdown. Waiting for active requests to complete
2025-12-31 21:44:47.399 [tomcat-shutdown] INFO  o.s.boot.web.embedded.tomcat.GracefulShutdown - Graceful shutdown complete
2025-12-31 21:58:07.521 [main] INFO  com.tju.elm.order.OrderServiceApplication - Starting OrderServiceApplication using Java 17.0.12 with PID 25688 (G:\LE\elm-microservices\elm_cloud\order-service\target\classes started by 26302 in G:\LE\elm-microservices\elm_cloud)
2025-12-31 21:58:07.523 [main] INFO  com.tju.elm.order.OrderServiceApplication - The following 1 profile is active: "dev"
2025-12-31 21:58:08.071 [main] INFO  o.s.d.r.config.RepositoryConfigurationDelegate - Multiple Spring Data modules found, entering strict repository configuration mode
2025-12-31 21:58:08.072 [main] INFO  o.s.d.r.config.RepositoryConfigurationDelegate - Bootstrapping Spring Data Redis repositories in DEFAULT mode.
2025-12-31 21:58:08.092 [main] INFO  o.s.d.r.config.RepositoryConfigurationDelegate - Finished Spring Data repository scanning in 9 ms. Found 0 Redis repository interfaces.
2025-12-31 21:58:08.475 [main] INFO  o.s.boot.web.embedded.tomcat.TomcatWebServer - Tomcat initialized with port 8885 (http)
2025-12-31 21:58:08.484 [main] INFO  org.apache.catalina.core.StandardService - Starting service [Tomcat]
2025-12-31 21:58:08.484 [main] INFO  org.apache.catalina.core.StandardEngine - Starting Servlet engine: [Apache Tomcat/10.1.41]
2025-12-31 21:58:08.524 [main] INFO  o.a.c.core.ContainerBase.[Tomcat].[localhost].[/] - Initializing Spring embedded WebApplicationContext
2025-12-31 21:58:08.524 [main] INFO  o.s.b.w.s.c.ServletWebServerApplicationContext - Root WebApplicationContext: initialization completed in 969 ms
2025-12-31 21:58:09.360 [main] INFO  o.s.boot.web.embedded.tomcat.TomcatWebServer - Tomcat started on port 8885 (http) with context path '/'
2025-12-31 21:58:09.368 [main] INFO  com.tju.elm.order.OrderServiceApplication - Started OrderServiceApplication in 2.229 seconds (process running for 2.615)
2025-12-31 21:58:12.388 [SpringApplicationShutdownHook] INFO  o.s.boot.web.embedded.tomcat.GracefulShutdown - Commencing graceful shutdown. Waiting for active requests to complete
2025-12-31 21:58:12.481 [tomcat-shutdown] INFO  o.s.boot.web.embedded.tomcat.GracefulShutdown - Graceful shutdown complete
2025-12-31 22:30:21.253 [main] INFO  com.tju.elm.point.PointServiceApplication - Starting PointServiceApplication using Java 17.0.12 with PID 14280 (G:\LE\elm-microservices\elm_cloud\point-service\target\classes started by 26302 in G:\LE\elm-microservices\elm_cloud)
2025-12-31 22:30:21.255 [main] INFO  com.tju.elm.point.PointServiceApplication - The following 1 profile is active: "dev"
2025-12-31 22:30:21.852 [main] INFO  o.s.d.r.config.RepositoryConfigurationDelegate - Multiple Spring Data modules found, entering strict repository configuration mode
2025-12-31 22:30:21.853 [main] INFO  o.s.d.r.config.RepositoryConfigurationDelegate - Bootstrapping Spring Data Redis repositories in DEFAULT mode.
2025-12-31 22:30:21.877 [main] INFO  o.s.d.r.config.RepositoryConfigurationDelegate - Finished Spring Data repository scanning in 12 ms. Found 0 Redis repository interfaces.
2025-12-31 22:30:22.271 [main] INFO  o.s.boot.web.embedded.tomcat.TomcatWebServer - Tomcat initialized with port 8887 (http)
2025-12-31 22:30:22.280 [main] INFO  org.apache.catalina.core.StandardService - Starting service [Tomcat]
2025-12-31 22:30:22.281 [main] INFO  org.apache.catalina.core.StandardEngine - Starting Servlet engine: [Apache Tomcat/10.1.41]
2025-12-31 22:30:22.318 [main] INFO  o.a.c.core.ContainerBase.[Tomcat].[localhost].[/] - Initializing Spring embedded WebApplicationContext
2025-12-31 22:30:22.318 [main] INFO  o.s.b.w.s.c.ServletWebServerApplicationContext - Root WebApplicationContext: initialization completed in 1032 ms
2025-12-31 22:30:22.456 [main] INFO  org.apache.catalina.core.StandardService - Stopping service [Tomcat]
2025-12-31 22:30:22.466 [main] INFO  o.s.b.a.logging.ConditionEvaluationReportLogger - 

Error starting ApplicationContext. To display the condition evaluation report re-run your application with 'debug' enabled.
2025-12-31 22:35:02.220 [main] INFO  com.tju.elm.point.PointServiceApplication - Starting PointServiceApplication using Java 17.0.12 with PID 11952 (G:\LE\elm-microservices\elm_cloud\point-service\target\classes started by 26302 in G:\LE\elm-microservices\elm_cloud)
2025-12-31 22:35:02.222 [main] INFO  com.tju.elm.point.PointServiceApplication - The following 1 profile is active: "dev"
2025-12-31 22:35:02.793 [main] INFO  o.s.d.r.config.RepositoryConfigurationDelegate - Multiple Spring Data modules found, entering strict repository configuration mode
2025-12-31 22:35:02.795 [main] INFO  o.s.d.r.config.RepositoryConfigurationDelegate - Bootstrapping Spring Data Redis repositories in DEFAULT mode.
2025-12-31 22:35:02.817 [main] INFO  o.s.d.r.config.RepositoryConfigurationDelegate - Finished Spring Data repository scanning in 10 ms. Found 0 Redis repository interfaces.
2025-12-31 22:35:03.200 [main] INFO  o.s.boot.web.embedded.tomcat.TomcatWebServer - Tomcat initialized with port 8887 (http)
2025-12-31 22:35:03.209 [main] INFO  org.apache.catalina.core.StandardService - Starting service [Tomcat]
2025-12-31 22:35:03.209 [main] INFO  org.apache.catalina.core.StandardEngine - Starting Servlet engine: [Apache Tomcat/10.1.41]
2025-12-31 22:35:03.248 [main] INFO  o.a.c.core.ContainerBase.[Tomcat].[localhost].[/] - Initializing Spring embedded WebApplicationContext
2025-12-31 22:35:03.248 [main] INFO  o.s.b.w.s.c.ServletWebServerApplicationContext - Root WebApplicationContext: initialization completed in 988 ms
2025-12-31 22:35:03.385 [main] INFO  org.apache.catalina.core.StandardService - Stopping service [Tomcat]
2025-12-31 22:35:03.395 [main] INFO  o.s.b.a.logging.ConditionEvaluationReportLogger - 

Error starting ApplicationContext. To display the condition evaluation report re-run your application with 'debug' enabled.
2025-12-31 22:35:42.142 [main] INFO  com.tju.elm.point.PointServiceApplication - Starting PointServiceApplication using Java 17.0.12 with PID 17892 (G:\LE\elm-microservices\elm_cloud\point-service\target\classes started by 26302 in G:\LE\elm-microservices\elm_cloud)
2025-12-31 22:35:42.143 [main] INFO  com.tju.elm.point.PointServiceApplication - The following 1 profile is active: "dev"
2025-12-31 22:35:42.738 [main] INFO  o.s.d.r.config.RepositoryConfigurationDelegate - Multiple Spring Data modules found, entering strict repository configuration mode
2025-12-31 22:35:42.740 [main] INFO  o.s.d.r.config.RepositoryConfigurationDelegate - Bootstrapping Spring Data Redis repositories in DEFAULT mode.
2025-12-31 22:35:42.761 [main] INFO  o.s.d.r.config.RepositoryConfigurationDelegate - Finished Spring Data repository scanning in 11 ms. Found 0 Redis repository interfaces.
2025-12-31 22:35:43.163 [main] INFO  o.s.boot.web.embedded.tomcat.TomcatWebServer - Tomcat initialized with port 8887 (http)
2025-12-31 22:35:43.172 [main] INFO  org.apache.catalina.core.StandardService - Starting service [Tomcat]
2025-12-31 22:35:43.172 [main] INFO  org.apache.catalina.core.StandardEngine - Starting Servlet engine: [Apache Tomcat/10.1.41]
2025-12-31 22:35:43.212 [main] INFO  o.a.c.core.ContainerBase.[Tomcat].[localhost].[/] - Initializing Spring embedded WebApplicationContext
2025-12-31 22:35:43.212 [main] INFO  o.s.b.w.s.c.ServletWebServerApplicationContext - Root WebApplicationContext: initialization completed in 1035 ms
2025-12-31 22:35:44.129 [main] INFO  o.s.boot.web.embedded.tomcat.TomcatWebServer - Tomcat started on port 8887 (http) with context path '/'
2025-12-31 22:35:44.137 [main] INFO  com.tju.elm.point.PointServiceApplication - Started PointServiceApplication in 2.398 seconds (process running for 2.829)
2025-12-31 22:35:49.422 [SpringApplicationShutdownHook] INFO  o.s.boot.web.embedded.tomcat.GracefulShutdown - Commencing graceful shutdown. Waiting for active requests to complete
2025-12-31 22:35:49.511 [tomcat-shutdown] INFO  o.s.boot.web.embedded.tomcat.GracefulShutdown - Graceful shutdown complete
2025-12-31 22:47:29.427 [main] INFO  com.tju.elm.point.PointServiceApplication - Starting PointServiceApplication using Java 17.0.12 with PID 16612 (G:\LE\elm-microservices\elm_cloud\point-service\target\classes started by 26302 in G:\LE\elm-microservices\elm_cloud)
2025-12-31 22:47:29.429 [main] INFO  com.tju.elm.point.PointServiceApplication - The following 1 profile is active: "dev"
2025-12-31 22:47:30.085 [main] INFO  o.s.d.r.config.RepositoryConfigurationDelegate - Multiple Spring Data modules found, entering strict repository configuration mode
2025-12-31 22:47:30.095 [main] INFO  o.s.d.r.config.RepositoryConfigurationDelegate - Bootstrapping Spring Data Redis repositories in DEFAULT mode.
2025-12-31 22:47:30.124 [main] INFO  o.s.d.r.config.RepositoryConfigurationDelegate - Finished Spring Data repository scanning in 14 ms. Found 0 Redis repository interfaces.
2025-12-31 22:47:30.588 [main] INFO  o.s.boot.web.embedded.tomcat.TomcatWebServer - Tomcat initialized with port 8887 (http)
2025-12-31 22:47:30.598 [main] INFO  org.apache.catalina.core.StandardService - Starting service [Tomcat]
2025-12-31 22:47:30.598 [main] INFO  org.apache.catalina.core.StandardEngine - Starting Servlet engine: [Apache Tomcat/10.1.41]
2025-12-31 22:47:30.646 [main] INFO  o.a.c.core.ContainerBase.[Tomcat].[localhost].[/] - Initializing Spring embedded WebApplicationContext
2025-12-31 22:47:30.646 [main] INFO  o.s.b.w.s.c.ServletWebServerApplicationContext - Root WebApplicationContext: initialization completed in 1185 ms
2025-12-31 22:47:30.793 [main] INFO  org.apache.catalina.core.StandardService - Stopping service [Tomcat]
2025-12-31 22:47:30.803 [main] INFO  o.s.b.a.logging.ConditionEvaluationReportLogger - 

Error starting ApplicationContext. To display the condition evaluation report re-run your application with 'debug' enabled.
2025-12-31 22:48:18.929 [main] INFO  com.tju.elm.point.PointServiceApplication - Starting PointServiceApplication using Java 17.0.12 with PID 27940 (G:\LE\elm-microservices\elm_cloud\point-service\target\classes started by 26302 in G:\LE\elm-microservices\elm_cloud)
2025-12-31 22:48:18.931 [main] INFO  com.tju.elm.point.PointServiceApplication - The following 1 profile is active: "dev"
2025-12-31 22:48:19.561 [main] INFO  o.s.d.r.config.RepositoryConfigurationDelegate - Multiple Spring Data modules found, entering strict repository configuration mode
2025-12-31 22:48:19.563 [main] INFO  o.s.d.r.config.RepositoryConfigurationDelegate - Bootstrapping Spring Data Redis repositories in DEFAULT mode.
2025-12-31 22:48:19.587 [main] INFO  o.s.d.r.config.RepositoryConfigurationDelegate - Finished Spring Data repository scanning in 12 ms. Found 0 Redis repository interfaces.
2025-12-31 22:48:19.996 [main] INFO  o.s.boot.web.embedded.tomcat.TomcatWebServer - Tomcat initialized with port 8887 (http)
2025-12-31 22:48:20.004 [main] INFO  org.apache.catalina.core.StandardService - Starting service [Tomcat]
2025-12-31 22:48:20.005 [main] INFO  org.apache.catalina.core.StandardEngine - Starting Servlet engine: [Apache Tomcat/10.1.41]
2025-12-31 22:48:20.044 [main] INFO  o.a.c.core.ContainerBase.[Tomcat].[localhost].[/] - Initializing Spring embedded WebApplicationContext
2025-12-31 22:48:20.044 [main] INFO  o.s.b.w.s.c.ServletWebServerApplicationContext - Root WebApplicationContext: initialization completed in 1079 ms
2025-12-31 22:48:21.069 [main] INFO  o.s.boot.web.embedded.tomcat.TomcatWebServer - Tomcat started on port 8887 (http) with context path '/'
2025-12-31 22:48:21.077 [main] INFO  com.tju.elm.point.PointServiceApplication - Started PointServiceApplication in 2.537 seconds (process running for 2.926)
2025-12-31 22:48:36.914 [SpringApplicationShutdownHook] INFO  o.s.boot.web.embedded.tomcat.GracefulShutdown - Commencing graceful shutdown. Waiting for active requests to complete
2025-12-31 22:48:37.008 [tomcat-shutdown] INFO  o.s.boot.web.embedded.tomcat.GracefulShutdown - Graceful shutdown complete
2025-12-31 22:49:13.845 [main] INFO  com.tju.elm.business.BusinessServiceApplication - Starting BusinessServiceApplication using Java 17.0.12 with PID 11592 (G:\LE\elm-microservices\elm_cloud\business-service\target\classes started by 26302 in G:\LE\elm-microservices\elm_cloud)
2025-12-31 22:49:13.847 [main] INFO  com.tju.elm.business.BusinessServiceApplication - The following 1 profile is active: "dev"
2025-12-31 22:49:14.363 [main] INFO  o.s.d.r.config.RepositoryConfigurationDelegate - Multiple Spring Data modules found, entering strict repository configuration mode
2025-12-31 22:49:14.365 [main] INFO  o.s.d.r.config.RepositoryConfigurationDelegate - Bootstrapping Spring Data Redis repositories in DEFAULT mode.
2025-12-31 22:49:14.385 [main] INFO  o.s.d.r.config.RepositoryConfigurationDelegate - Finished Spring Data repository scanning in 9 ms. Found 0 Redis repository interfaces.
2025-12-31 22:49:14.716 [main] INFO  o.s.boot.web.embedded.tomcat.TomcatWebServer - Tomcat initialized with port 8882 (http)
2025-12-31 22:49:14.724 [main] INFO  org.apache.catalina.core.StandardService - Starting service [Tomcat]
2025-12-31 22:49:14.724 [main] INFO  org.apache.catalina.core.StandardEngine - Starting Servlet engine: [Apache Tomcat/10.1.41]
2025-12-31 22:49:14.769 [main] INFO  o.a.c.core.ContainerBase.[Tomcat].[localhost].[/] - Initializing Spring embedded WebApplicationContext
2025-12-31 22:49:14.770 [main] INFO  o.s.b.w.s.c.ServletWebServerApplicationContext - Root WebApplicationContext: initialization completed in 890 ms
2025-12-31 22:49:15.515 [main] INFO  o.s.boot.web.embedded.tomcat.TomcatWebServer - Tomcat started on port 8882 (http) with context path '/'
2025-12-31 22:49:15.523 [main] INFO  com.tju.elm.business.BusinessServiceApplication - Started BusinessServiceApplication in 2.071 seconds (process running for 2.483)
2025-12-31 22:49:36.491 [SpringApplicationShutdownHook] INFO  o.s.boot.web.embedded.tomcat.GracefulShutdown - Commencing graceful shutdown. Waiting for active requests to complete
2025-12-31 22:49:36.583 [tomcat-shutdown] INFO  o.s.boot.web.embedded.tomcat.GracefulShutdown - Graceful shutdown complete
